{
  "platform": "windows",
  "scale": "1.25",
  "device_pixel_ratio": 1.25,
  "keys": [
    "bf72e08e-de56-495f-a687-397b175d10fd",
    "f21c153f-fff0-460f-a195-1f86a81b6efb"
  ],
  "observed_counts": [
    2,
    3
  ],
  "jobs": 1,
  "resources": {
    "windows": 2,
    "qt_image_bytes": 57600,
    "qt_image_limit": 25165824,
    "conversions": 2,
    "coalesced_results": 0,
    "pending_gui_notifications": 0,
    "live_decoded_bytes": 57600,
    "pin_decoded_bytes": 57600,
    "pin_limit": 16777216,
    "conversion_scratch_limit": 8388608,
    "window_surface_reserved": 33554432,
    "table_bytes": 56,
    "table_limit": 16777216
  },
  "keyboard_navigation": true,
  "window_visible": true,
  "shutdown_confirmed": true
}
