{
  "platform": "windows",
  "scale": "1.5",
  "device_pixel_ratio": 1.5,
  "keys": [
    "31c184f7-55db-4531-b192-38a4806e89ca",
    "43202ef4-f527-427a-9ef4-8ea93ed68628"
  ],
  "observed_counts": [
    2,
    3
  ],
  "jobs": 1,
  "resources": {
    "windows": 2,
    "qt_image_bytes": 57600,
    "qt_image_limit": 25165824,
    "conversions": 2,
    "coalesced_results": 0,
    "pending_gui_notifications": 0,
    "live_decoded_bytes": 57600,
    "pin_decoded_bytes": 57600,
    "pin_limit": 16777216,
    "conversion_scratch_limit": 8388608,
    "window_surface_reserved": 33554432,
    "table_bytes": 56,
    "table_limit": 16777216
  },
  "keyboard_navigation": true,
  "window_visible": true,
  "shutdown_confirmed": true
}
