[ci-check] running proto-drift: C:\Users\jsdfhasuh\.conda\envs\emo_master\python.exe scripts/gen_proto.py --check
[ci-check] running ruff: C:\Users\jsdfhasuh\.conda\envs\emo_master\python.exe -m ruff check src tests
All checks passed!
[ci-check] running mypy: C:\Users\jsdfhasuh\.conda\envs\emo_master\python.exe -m mypy --config-file mypy.ini src
src\emo_master\apps\runtime\workflow\loop_runner.py:79: note: By default the bodies of untyped functions are not checked, consider using --check-untyped-defs  [annotation-unchecked]
src\emo_master\apps\runtime\workflow\loop_runner.py:82: note: By default the bodies of untyped functions are not checked, consider using --check-untyped-defs  [annotation-unchecked]
src\emo_master\apps\runtime\workflow\loop_runner.py:83: note: By default the bodies of untyped functions are not checked, consider using --check-untyped-defs  [annotation-unchecked]
src\emo_master\apps\runtime\workflow\loop_runner.py:123: note: By default the bodies of untyped functions are not checked, consider using --check-untyped-defs  [annotation-unchecked]
src\emo_master\apps\runtime\workflow\loop_runner.py:124: note: By default the bodies of untyped functions are not checked, consider using --check-untyped-defs  [annotation-unchecked]
src\emo_master\apps\runtime\workflow\loop_runner.py:125: note: By default the bodies of untyped functions are not checked, consider using --check-untyped-defs  [annotation-unchecked]
src\emo_master\apps\runtime\workflow\loop_runner.py:157: note: By default the bodies of untyped functions are not checked, consider using --check-untyped-defs  [annotation-unchecked]
src\emo_master\apps\runtime\workflow\loop_runner.py:160: note: By default the bodies of untyped functions are not checked, consider using --check-untyped-defs  [annotation-unchecked]
src\emo_master\apps\runtime\workflow\loop_runner.py:161: note: By default the bodies of untyped functions are not checked, consider using --check-untyped-defs  [annotation-unchecked]
src\emo_master\apps\runtime\workflow\loop_runner.py:211: note: By default the bodies of untyped functions are not checked, consider using --check-untyped-defs  [annotation-unchecked]
src\emo_master\apps\runtime\workflow\loop_runner.py:212: note: By default the bodies of untyped functions are not checked, consider using --check-untyped-defs  [annotation-unchecked]
src\emo_master\apps\runtime\workflow\loop_runner.py:270: note: By default the bodies of untyped functions are not checked, consider using --check-untyped-defs  [annotation-unchecked]
src\emo_master\apps\runtime\workflow\loop_runner.py:271: note: By default the bodies of untyped functions are not checked, consider using --check-untyped-defs  [annotation-unchecked]
src\emo_master\apps\runtime\workflow\loop_runner.py:319: note: By default the bodies of untyped functions are not checked, consider using --check-untyped-defs  [annotation-unchecked]
src\emo_master\apps\runtime\grpc_server\service.py:592: note: By default the bodies of untyped functions are not checked, consider using --check-untyped-defs  [annotation-unchecked]
Success: no issues found in 277 source files
[ci-check] running pytest: C:\Users\jsdfhasuh\.conda\envs\emo_master\python.exe -m pytest -q
..................................................................s..... [  6%]
........................................................................ [ 12%]
........................................................................ [ 18%]
........................................................................ [ 24%]
........................................................................ [ 31%]
........................................................................ [ 37%]
........................................................................ [ 43%]
........................................................................ [ 49%]
........................................................................ [ 56%]
........................................................................ [ 62%]
................................................................s....... [ 68%]
........................................................................ [ 74%]
........................................................................ [ 80%]
........................................................................ [ 87%]
........................................................................ [ 93%]
........................................................................ [ 99%]
.....                                                                    [100%]
1155 passed, 2 skipped in 276.91s (0:04:36)
[ci-check] all checks passed
