F..............F........................................................ [ 91%]
.......                                                                  [100%]
================================== FAILURES ===================================
___________________ testExportFrozenAllowlistAndLegacyGuard ___________________

tmp_path = WindowsPath('C:/Users/jsdfhasuh/AppData/Local/Temp/pytest-of-jsdfhasuh/pytest-421/testExportFrozenAllowlistAndLe0')
registry = {'vision.image.absdiff': PluginDescriptor(manifest=PluginManifest(operatorId='vision.image.absdiff', displayName='Abso...ins/builtins/annotate'), editorIssues=(), editorUiContent=None, editorUiSha256='', iconAsset=None, iconIssues=()), ...}

    def testExportFrozenAllowlistAndLegacyGuard(tmp_path, registry):
        root = tmp_path/'project'
        root.mkdir()
        doc = sampleProject(root)
        (root/'project.json').write_text(doc.model_dump_json(), encoding='utf-8')
        for name in ['runtime.sqlite3', 'secret.txt', 'old.vxpkg', 'run.log', 'evidence.json', 'cache.bin']:
            (root/name).write_text('private')
        doc.workflows['main'].nodes[1].params['imagePath'] = 'D:/developer/secret/input.png'
>       package = buildPageTestPackage(doc, root, tmp_path/'packages', registry)

tests\core\project\test_page_delivery.py:24: 
_ _ _ _ _ _ _ _ _ _ _ _ _ _ _ _ _ _ _ _ _ _ _ _ _ _ _ _ _ _ _ _ _ _ _ _ _ _ _ _

document = ProjectDocument(schemaVersion='2.2', project=ProjectMetadata(projectId='p2-fixture', name='P2', revision=1, createdAt=...ParameterTarget(workflowId='main', nodeId='load', parameterPath=['imagePath']), resourceId='input')], siteBindings=[]))
projectDir = WindowsPath('C:/Users/jsdfhasuh/AppData/Local/Temp/pytest-of-jsdfhasuh/pytest-421/testExportFrozenAllowlistAndLe0/project')
outputDir = WindowsPath('C:/Users/jsdfhasuh/AppData/Local/Temp/pytest-of-jsdfhasuh/pytest-421/testExportFrozenAllowlistAndLe0/packages')
registry = {'vision.image.absdiff': PluginDescriptor(manifest=PluginManifest(operatorId='vision.image.absdiff', displayName='Abso...ins/builtins/annotate'), editorIssues=(), editorUiContent=None, editorUiSha256='', iconAsset=None, iconIssues=()), ...}

    def buildPageTestPackage(document, projectDir: Path, outputDir: Path, registry=None) -> Path:
        """Explicit P5-A allowlist entry; the legacy 2.2 guard remains unchanged."""
        import os
        import tempfile
        from uuid import uuid4
        from emo_master.core.project.test_delivery import (
            MAX_PROJECT, canonicalJson, manifestFor, portableDocument, trustedRegistry, validateTestProject,
        )
        root = projectDir.resolve(strict=True)
        if outputDir.resolve().is_relative_to(root):
            raise ValueError('test package output must be outside the project')
        document = portableDocument(document)
        compatibility = validateTestProject(document, root, registry if registry is not None else trustedRegistry())
        data = canonicalJson(document.model_dump()).encode('utf-8')
        if len(data) > MAX_PROJECT:
            raise ValueError('project metadata exceeds 1 MiB')
        manifest = manifestFor(document, data, compatibility)
        outputDir.mkdir(parents=True, exist_ok=True)
        destination = outputDir / f'test-{manifest["revision"][:16]}-{uuid4().hex[:8]}.vxpkg'
        temporary = None
        try:
            with tempfile.NamedTemporaryFile(dir=outputDir, delete=False) as stream:
                temporary = Path(stream.name)
            with zipfile.ZipFile(temporary, 'w', compression=zipfile.ZIP_DEFLATED) as archive:
                archive.writestr('project.json', data)
                for item in document.resources.items.values():
                    # Recheck after validation and copy a fixed bounded amount, verifying
                    # the copied bytes rather than relying on a prior filesystem hash.
                    from emo_master.core.project.snapshots import _inside
                    with _inside(root, item.path).open('rb') as stream:
                        blob = stream.read(item.size + 1)
                    if len(blob) != item.size or hashlib.sha256(blob).hexdigest() != item.sha256:
                        raise ValueError('resource changed during export')
                    archive.writestr(item.path, blob)
                archive.writestr('manifest.json', canonicalJson(manifest))
            with temporary.open('rb') as stream:
>               os.fsync(stream.fileno())
E               OSError: [Errno 9] Bad file descriptor

src\emo_master\core\project\package_builder.py:52: OSError
_________ testStaticLabelsAndPlatformStatusAreNotUnboundBusinessData __________

tmp_path = WindowsPath('C:/Users/jsdfhasuh/AppData/Local/Temp/pytest-of-jsdfhasuh/pytest-421/testStaticLabelsAndPlatformSta0')
registry = {'vision.image.absdiff': PluginDescriptor(manifest=PluginManifest(operatorId='vision.image.absdiff', displayName='Abso...ins/builtins/annotate'), editorIssues=(), editorUiContent=None, editorUiSha256='', iconAsset=None, iconIssues=()), ...}

    def testStaticLabelsAndPlatformStatusAreNotUnboundBusinessData(tmp_path, registry):
        from emo_master.core.presentation.models import Component
        doc = sampleProject(tmp_path)
        doc.presentation.pages['main'].components.extend([
            Component(componentId='label', type='text', props={'text': 'Test only'}, layout={'row': 2}),
            Component(componentId='status', type='runtime_status', layout={'row': 3})])
>       assert buildPageTestPackage(doc, tmp_path, tmp_path.parent/'static-packages', registry).exists()

tests\core\project\test_page_delivery.py:71: 
_ _ _ _ _ _ _ _ _ _ _ _ _ _ _ _ _ _ _ _ _ _ _ _ _ _ _ _ _ _ _ _ _ _ _ _ _ _ _ _

document = ProjectDocument(schemaVersion='2.2', project=ProjectMetadata(projectId='p2-fixture', name='P2', revision=1, createdAt=...ParameterTarget(workflowId='main', nodeId='load', parameterPath=['imagePath']), resourceId='input')], siteBindings=[]))
projectDir = WindowsPath('C:/Users/jsdfhasuh/AppData/Local/Temp/pytest-of-jsdfhasuh/pytest-421/testStaticLabelsAndPlatformSta0')
outputDir = WindowsPath('C:/Users/jsdfhasuh/AppData/Local/Temp/pytest-of-jsdfhasuh/pytest-421/static-packages')
registry = {'vision.image.absdiff': PluginDescriptor(manifest=PluginManifest(operatorId='vision.image.absdiff', displayName='Abso...ins/builtins/annotate'), editorIssues=(), editorUiContent=None, editorUiSha256='', iconAsset=None, iconIssues=()), ...}

    def buildPageTestPackage(document, projectDir: Path, outputDir: Path, registry=None) -> Path:
        """Explicit P5-A allowlist entry; the legacy 2.2 guard remains unchanged."""
        import os
        import tempfile
        from uuid import uuid4
        from emo_master.core.project.test_delivery import (
            MAX_PROJECT, canonicalJson, manifestFor, portableDocument, trustedRegistry, validateTestProject,
        )
        root = projectDir.resolve(strict=True)
        if outputDir.resolve().is_relative_to(root):
            raise ValueError('test package output must be outside the project')
        document = portableDocument(document)
        compatibility = validateTestProject(document, root, registry if registry is not None else trustedRegistry())
        data = canonicalJson(document.model_dump()).encode('utf-8')
        if len(data) > MAX_PROJECT:
            raise ValueError('project metadata exceeds 1 MiB')
        manifest = manifestFor(document, data, compatibility)
        outputDir.mkdir(parents=True, exist_ok=True)
        destination = outputDir / f'test-{manifest["revision"][:16]}-{uuid4().hex[:8]}.vxpkg'
        temporary = None
        try:
            with tempfile.NamedTemporaryFile(dir=outputDir, delete=False) as stream:
                temporary = Path(stream.name)
            with zipfile.ZipFile(temporary, 'w', compression=zipfile.ZIP_DEFLATED) as archive:
                archive.writestr('project.json', data)
                for item in document.resources.items.values():
                    # Recheck after validation and copy a fixed bounded amount, verifying
                    # the copied bytes rather than relying on a prior filesystem hash.
                    from emo_master.core.project.snapshots import _inside
                    with _inside(root, item.path).open('rb') as stream:
                        blob = stream.read(item.size + 1)
                    if len(blob) != item.size or hashlib.sha256(blob).hexdigest() != item.sha256:
                        raise ValueError('resource changed during export')
                    archive.writestr(item.path, blob)
                archive.writestr('manifest.json', canonicalJson(manifest))
            with temporary.open('rb') as stream:
>               os.fsync(stream.fileno())
E               OSError: [Errno 9] Bad file descriptor

src\emo_master\core\project\package_builder.py:52: OSError
2 failed, 77 passed in 2.58s
