........................................................................ [ 19%]
........................................................................ [ 38%]
........................................................................ [ 57%]
....................................................................Windows fatal exception: access violation

Thread 0x00008ac8 (most recent call first):
  File "C:\Users\jsdfhasuh\.conda\envs\emo_master\lib\threading.py", line 320 in wait
  File "C:\Users\jsdfhasuh\.conda\envs\emo_master\lib\threading.py", line 355 in wait_for
  File "D:\jsdfhasuh\documents\my_project\emo_master\src\emo_master\apps\designer\services\operator_icon_worker.py", line 88 in _run
  File "C:\Users\jsdfhasuh\.conda\envs\emo_master\lib\threading.py", line 953 in run
  File "C:\Users\jsdfhasuh\.conda\envs\emo_master\lib\threading.py", line 1016 in _bootstrap_inner
  File "C:\Users\jsdfhasuh\.conda\envs\emo_master\lib\threading.py", line 973 in _bootstrap

Thread 0x0001198c (most recent call first):
  File "C:\Users\jsdfhasuh\.conda\envs\emo_master\lib\threading.py", line 320 in wait
  File "C:\Users\jsdfhasuh\.conda\envs\emo_master\lib\threading.py", line 355 in wait_for
  File "D:\jsdfhasuh\documents\my_project\emo_master\src\emo_master\apps\designer\services\operator_icon_worker.py", line 88 in _run
  File "C:\Users\jsdfhasuh\.conda\envs\emo_master\lib\threading.py", line 953 in run
  File "C:\Users\jsdfhasuh\.conda\envs\emo_master\lib\threading.py", line 1016 in _bootstrap_inner
  File "C:\Users\jsdfhasuh\.conda\envs\emo_master\lib\threading.py", line 973 in _bootstrap

Thread 0x0000e9b0 (most recent call first):
  File "C:\Users\jsdfhasuh\.conda\envs\emo_master\lib\threading.py", line 320 in wait
  File "C:\Users\jsdfhasuh\.conda\envs\emo_master\lib\threading.py", line 355 in wait_for
  File "D:\jsdfhasuh\documents\my_project\emo_master\src\emo_master\apps\designer\services\operator_icon_worker.py", line 88 in _run
  File "C:\Users\jsdfhasuh\.conda\envs\emo_master\lib\threading.py", line 953 in run
  File "C:\Users\jsdfhasuh\.conda\envs\emo_master\lib\threading.py", line 1016 in _bootstrap_inner
  File "C:\Users\jsdfhasuh\.conda\envs\emo_master\lib\threading.py", line 973 in _bootstrap

Thread 0x00011b94 (most recent call first):
  File "C:\Users\jsdfhasuh\.conda\envs\emo_master\lib\threading.py", line 320 in wait
  File "C:\Users\jsdfhasuh\.conda\envs\emo_master\lib\threading.py", line 355 in wait_for
  File "D:\jsdfhasuh\documents\my_project\emo_master\src\emo_master\apps\designer\services\operator_icon_worker.py", line 88 in _run
  File "C:\Users\jsdfhasuh\.conda\envs\emo_master\lib\threading.py", line 953 in run
  File "C:\Users\jsdfhasuh\.conda\envs\emo_master\lib\threading.py", line 1016 in _bootstrap_inner
  File "C:\Users\jsdfhasuh\.conda\envs\emo_master\lib\threading.py", line 973 in _bootstrap

Thread 0x00005324 (most recent call first):
  File "C:\Users\jsdfhasuh\.conda\envs\emo_master\lib\threading.py", line 320 in wait
  File "C:\Users\jsdfhasuh\.conda\envs\emo_master\lib\threading.py", line 355 in wait_for
  File "D:\jsdfhasuh\documents\my_project\emo_master\src\emo_master\apps\designer\services\operator_icon_worker.py", line 88 in _run
  File "C:\Users\jsdfhasuh\.conda\envs\emo_master\lib\threading.py", line 953 in run
  File "C:\Users\jsdfhasuh\.conda\envs\emo_master\lib\threading.py", line 1016 in _bootstrap_inner
  File "C:\Users\jsdfhasuh\.conda\envs\emo_master\lib\threading.py", line 973 in _bootstrap

Current thread 0x000052d0 (most recent call first):
  File "D:\jsdfhasuh\documents\my_project\emo_master\tests\designer\test_visual_layout.py", line 84 in testSidebarStaysCollapsedAcrossShowResizeAndRestore
  File "C:\Users\jsdfhasuh\.conda\envs\emo_master\lib\site-packages\_pytest\python.py", line 167 in pytest_pyfunc_call
  File "C:\Users\jsdfhasuh\.conda\envs\emo_master\lib\site-packages\pluggy\_callers.py", line 121 in _multicall
  File "C:\Users\jsdfhasuh\.conda\envs\emo_master\lib\site-packages\pluggy\_manager.py", line 120 in _hookexec
  File "C:\Users\jsdfhasuh\.conda\envs\emo_master\lib\site-packages\pluggy\_hooks.py", line 512 in __call__
  File "C:\Users\jsdfhasuh\.conda\envs\emo_master\lib\site-packages\_pytest\python.py", line 1707 in runtest
  File "C:\Users\jsdfhasuh\.conda\envs\emo_master\lib\site-packages\_pytest\runner.py", line 184 in pytest_runtest_call
  File "C:\Users\jsdfhasuh\.conda\envs\emo_master\lib\site-packages\pluggy\_callers.py", line 121 in _multicall
  File "C:\Users\jsdfhasuh\.conda\envs\emo_master\lib\site-packages\pluggy\_manager.py", line 120 in _hookexec
  File "C:\Users\jsdfhasuh\.conda\envs\emo_master\lib\site-packages\pluggy\_hooks.py", line 512 in __call__
  File "C:\Users\jsdfhasuh\.conda\envs\emo_master\lib\site-packages\_pytest\runner.py", line 250 in <lambda>
  File "C:\Users\jsdfhasuh\.conda\envs\emo_master\lib\site-packages\_pytest\runner.py", line 361 in from_call
  File "C:\Users\jsdfhasuh\.conda\envs\emo_master\lib\site-packages\_pytest\runner.py", line 249 in call_and_report
  File "C:\Users\jsdfhasuh\.conda\envs\emo_master\lib\site-packages\_pytest\runner.py", line 139 in runtestprotocol
  File "C:\Users\jsdfhasuh\.conda\envs\emo_master\lib\site-packages\_pytest\runner.py", line 118 in pytest_runtest_protocol
  File "C:\Users\jsdfhasuh\.conda\envs\emo_master\lib\site-packages\pluggy\_callers.py", line 121 in _multicall
  File "C:\Users\jsdfhasuh\.conda\envs\emo_master\lib\site-packages\pluggy\_manager.py", line 120 in _hookexec
  File "C:\Users\jsdfhasuh\.conda\envs\emo_master\lib\site-packages\pluggy\_hooks.py", line 512 in __call__
  File "C:\Users\jsdfhasuh\.conda\envs\emo_master\lib\site-packages\_pytest\main.py", line 408 in pytest_runtestloop
  File "C:\Users\jsdfhasuh\.conda\envs\emo_master\lib\site-packages\pluggy\_callers.py", line 121 in _multicall
  File "C:\Users\jsdfhasuh\.conda\envs\emo_master\lib\site-packages\pluggy\_manager.py", line 120 in _hookexec
  File "C:\Users\jsdfhasuh\.conda\envs\emo_master\lib\site-packages\pluggy\_hooks.py", line 512 in __call__
  File "C:\Users\jsdfhasuh\.conda\envs\emo_master\lib\site-packages\_pytest\main.py", line 384 in _main
  File "C:\Users\jsdfhasuh\.conda\envs\emo_master\lib\site-packages\_pytest\main.py", line 330 in wrap_session
  File "C:\Users\jsdfhasuh\.conda\envs\emo_master\lib\site-packages\_pytest\main.py", line 377 in pytest_cmdline_main
  File "C:\Users\jsdfhasuh\.conda\envs\emo_master\lib\site-packages\pluggy\_callers.py", line 121 in _multicall
  File "C:\Users\jsdfhasuh\.conda\envs\emo_master\lib\site-packages\pluggy\_manager.py", line 120 in _hookexec
  File "C:\Users\jsdfhasuh\.conda\envs\emo_master\lib\site-packages\pluggy\_hooks.py", line 512 in __call__
  File "C:\Users\jsdfhasuh\.conda\envs\emo_master\lib\site-packages\_pytest\config\__init__.py", line 229 in _main
  File "C:\Users\jsdfhasuh\.conda\envs\emo_master\lib\site-packages\_pytest\config\__init__.py", line 253 in _console_main
  File "C:\Users\jsdfhasuh\.conda\envs\emo_master\lib\site-packages\pytest\__main__.py", line 9 in <module>
  File "C:\Users\jsdfhasuh\.conda\envs\emo_master\lib\runpy.py", line 86 in _run_code
  File "C:\Users\jsdfhasuh\.conda\envs\emo_master\lib\runpy.py", line 196 in _run_module_as_main
