{
  "job": "0f17bcfc-6c36-47bc-9c9a-1b3b6cd9935d",
  "same_result": "516e25c1-356a-46ca-bdb8-bcffe088bfc1",
  "count": 2,
  "image_sha256": "02590659c189056bbcb8d7a0b1c6297a8a20563395d7600a9dbaedcab19196a3",
  "clients": [
    {
      "received": 1,
      "decoded": 1,
      "dropped": 0,
      "read_failed": 0,
      "resets": 1
    },
    {
      "received": 1,
      "decoded": 1,
      "dropped": 0,
      "read_failed": 0,
      "resets": 1
    }
  ],
  "resources": {
    "cache_bytes": 654,
    "lease_handles": 0,
    "readers": 0,
    "assets": 1,
    "open_results": 0,
    "history_results": 1,
    "history_bytes": 1247,
    "rejected": 0,
    "shared_capacity": 16777216,
    "export_reserved": 100663296,
    "metadata_reserved": 67108864,
    "read_reserved": 16777216,
    "total_reserved": 201326592,
    "limit": 268435456
  },
  "single_client_exit_preserved_job": true
}
