[ci-check] running proto-drift: C:\Users\jsdfhasuh\.conda\envs\emo_master\python.exe scripts/gen_proto.py --check
[ci-check] running ruff: C:\Users\jsdfhasuh\.conda\envs\emo_master\python.exe -m ruff check src tests
All checks passed!
[ci-check] running mypy: C:\Users\jsdfhasuh\.conda\envs\emo_master\python.exe -m mypy --config-file mypy.ini src
src\emo_master\apps\runtime\workflow\loop_runner.py:79: note: By default the bodies of untyped functions are not checked, consider using --check-untyped-defs  [annotation-unchecked]
src\emo_master\apps\runtime\workflow\loop_runner.py:82: note: By default the bodies of untyped functions are not checked, consider using --check-untyped-defs  [annotation-unchecked]
src\emo_master\apps\runtime\workflow\loop_runner.py:83: note: By default the bodies of untyped functions are not checked, consider using --check-untyped-defs  [annotation-unchecked]
src\emo_master\apps\runtime\workflow\loop_runner.py:123: note: By default the bodies of untyped functions are not checked, consider using --check-untyped-defs  [annotation-unchecked]
src\emo_master\apps\runtime\workflow\loop_runner.py:124: note: By default the bodies of untyped functions are not checked, consider using --check-untyped-defs  [annotation-unchecked]
src\emo_master\apps\runtime\workflow\loop_runner.py:125: note: By default the bodies of untyped functions are not checked, consider using --check-untyped-defs  [annotation-unchecked]
src\emo_master\apps\runtime\workflow\loop_runner.py:157: note: By default the bodies of untyped functions are not checked, consider using --check-untyped-defs  [annotation-unchecked]
src\emo_master\apps\runtime\workflow\loop_runner.py:160: note: By default the bodies of untyped functions are not checked, consider using --check-untyped-defs  [annotation-unchecked]
src\emo_master\apps\runtime\workflow\loop_runner.py:161: note: By default the bodies of untyped functions are not checked, consider using --check-untyped-defs  [annotation-unchecked]
src\emo_master\apps\runtime\workflow\loop_runner.py:211: note: By default the bodies of untyped functions are not checked, consider using --check-untyped-defs  [annotation-unchecked]
src\emo_master\apps\runtime\workflow\loop_runner.py:212: note: By default the bodies of untyped functions are not checked, consider using --check-untyped-defs  [annotation-unchecked]
src\emo_master\apps\runtime\workflow\loop_runner.py:270: note: By default the bodies of untyped functions are not checked, consider using --check-untyped-defs  [annotation-unchecked]
src\emo_master\apps\runtime\workflow\loop_runner.py:271: note: By default the bodies of untyped functions are not checked, consider using --check-untyped-defs  [annotation-unchecked]
src\emo_master\apps\runtime\workflow\loop_runner.py:319: note: By default the bodies of untyped functions are not checked, consider using --check-untyped-defs  [annotation-unchecked]
src\emo_master\apps\runtime\grpc_server\service.py:592: note: By default the bodies of untyped functions are not checked, consider using --check-untyped-defs  [annotation-unchecked]
Success: no issues found in 261 source files
[ci-check] running pytest: C:\Users\jsdfhasuh\.conda\envs\emo_master\python.exe -m pytest -q
..................................................................s..... [  6%]
........................................................................ [ 13%]
........................................................................ [ 19%]
........................................................................ [ 26%]
........................................................................ [ 32%]
........................................................................ [ 39%]
........................................................................ [ 45%]
........................................................................ [ 52%]
........................................................................ [ 59%]
........................................................................ [ 65%]
...........................s............................................ [ 72%]
........................................................................ [ 78%]
........................................................................ [ 85%]
........................................................................ [ 91%]
........................................................................ [ 98%]
.................                                                        [100%]
1095 passed, 2 skipped in 212.66s (0:03:32)
[ci-check] all checks passed
